// Jest Snapshot v1, https://goo.gl/fbAQLP

exports[`Testeo de Componente MineSweeper Debe mostrarse mensaje de ganaste: BoardData-Win 1`] = `
<div
  style={
    Object {
      "width": 62,
    }
  }
>
  <div>
    <div
      className="MuiPaper-root MuiAlert-root MuiAlert-standardSuccess MuiPaper-elevation0"
      role="alert"
    >
      <div
        className="MuiAlert-icon"
      >
        <svg
          aria-hidden={true}
          className="MuiSvgIcon-root MuiSvgIcon-fontSizeInherit"
          focusable="false"
          viewBox="0 0 24 24"
        >
          <path
            d="M20,12A8,8 0 0,1 12,20A8,8 0 0,1 4,12A8,8 0 0,1 12,4C12.76,4 13.5,4.11 14.2, 4.31L15.77,2.74C14.61,2.26 13.34,2 12,2A10,10 0 0,0 2,12A10,10 0 0,0 12,22A10,10 0 0, 0 22,12M7.91,10.08L6.5,11.5L11,16L21,6L19.59,4.58L11,13.17L7.91,10.08Z"
          />
        </svg>
      </div>
      <div
        className="MuiAlert-message"
      >
        Ganaste!
      </div>
    </div>
  </div>
  <div>
    <div
      className="MuiPaper-root MuiAlert-root MuiAlert-standardInfo MuiPaper-elevation0"
      role="alert"
    >
      <div
        className="MuiAlert-icon"
      >
        <svg
          aria-hidden={true}
          className="MuiSvgIcon-root MuiSvgIcon-fontSizeInherit"
          focusable="false"
          viewBox="0 0 24 24"
        >
          <path
            d="M11,9H13V7H11M12,20C7.59,20 4,16.41 4,12C4,7.59 7.59,4 12,4C16.41,4 20,7.59 20, 12C20,16.41 16.41,20 12,20M12,2A10,10 0 0,0 2,12A10,10 0 0,0 12,22A10,10 0 0,0 22,12A10, 10 0 0,0 12,2M11,17H13V11H11V17Z"
          />
        </svg>
      </div>
      <div
        className="MuiAlert-message"
      >
        Cantidad Bombas:1
      </div>
    </div>
  </div>
</div>
`;

exports[`Testeo de Componente MineSweeper Debe mostrarse mensaje de perdiste: BoardData-Lose 1`] = `
<div
  style={
    Object {
      "width": 62,
    }
  }
>
  <div>
    <div
      className="MuiPaper-root MuiAlert-root MuiAlert-standardError MuiPaper-elevation0"
      role="alert"
    >
      <div
        className="MuiAlert-icon"
      >
        <svg
          aria-hidden={true}
          className="MuiSvgIcon-root MuiSvgIcon-fontSizeInherit"
          focusable="false"
          viewBox="0 0 24 24"
        >
          <path
            d="M11 15h2v2h-2zm0-8h2v6h-2zm.99-5C6.47 2 2 6.48 2 12s4.47 10 9.99 10C17.52 22 22 17.52 22 12S17.52 2 11.99 2zM12 20c-4.42 0-8-3.58-8-8s3.58-8 8-8 8 3.58 8 8-3.58 8-8 8z"
          />
        </svg>
      </div>
      <div
        className="MuiAlert-message"
      >
        Perdiste!
      </div>
    </div>
  </div>
  <div>
    <div
      className="MuiPaper-root MuiAlert-root MuiAlert-standardInfo MuiPaper-elevation0"
      role="alert"
    >
      <div
        className="MuiAlert-icon"
      >
        <svg
          aria-hidden={true}
          className="MuiSvgIcon-root MuiSvgIcon-fontSizeInherit"
          focusable="false"
          viewBox="0 0 24 24"
        >
          <path
            d="M11,9H13V7H11M12,20C7.59,20 4,16.41 4,12C4,7.59 7.59,4 12,4C16.41,4 20,7.59 20, 12C20,16.41 16.41,20 12,20M12,2A10,10 0 0,0 2,12A10,10 0 0,0 12,22A10,10 0 0,0 22,12A10, 10 0 0,0 12,2M11,17H13V11H11V17Z"
          />
        </svg>
      </div>
      <div
        className="MuiAlert-message"
      >
        Cantidad Bombas:1
      </div>
    </div>
  </div>
</div>
`;

exports[`Testeo de Componente MineSweeper Debe mostrarse sin mensajes y con la informaci√≥n correcta: BoardData-InGame 1`] = `
<div
  style={
    Object {
      "width": 62,
    }
  }
>
  <div />
  <div>
    <div
      className="MuiPaper-root MuiAlert-root MuiAlert-standardInfo MuiPaper-elevation0"
      role="alert"
    >
      <div
        className="MuiAlert-icon"
      >
        <svg
          aria-hidden={true}
          className="MuiSvgIcon-root MuiSvgIcon-fontSizeInherit"
          focusable="false"
          viewBox="0 0 24 24"
        >
          <path
            d="M11,9H13V7H11M12,20C7.59,20 4,16.41 4,12C4,7.59 7.59,4 12,4C16.41,4 20,7.59 20, 12C20,16.41 16.41,20 12,20M12,2A10,10 0 0,0 2,12A10,10 0 0,0 12,22A10,10 0 0,0 22,12A10, 10 0 0,0 12,2M11,17H13V11H11V17Z"
          />
        </svg>
      </div>
      <div
        className="MuiAlert-message"
      >
        Cantidad Bombas:1
      </div>
    </div>
  </div>
</div>
`;
